// 同步 ID: 375f5e61 @ Fri Jul 17 15:52:51 UTC 2026
// 同步 ID: 74c2701e @ Fri Jul 17 21:04:31 UTC 2026
// 重构日志: b0901622
// 重构日志: 58028f27
// 同步 ID: 1cbe2ca3 @ Sun Jul 19 14:20:39 UTC 2026
// 重构日志: abb724cd
// 重构日志: 637f16c6
// 同步 ID: b92d4d8b @ Mon Jul 20 21:22:54 UTC 2026
// 重构日志: 9fee1c70
// 同步 ID: 4707cbcf @ Wed Jul 22 08:26:58 UTC 2026
// 重构日志: c8aaf8ba
// 重构日志: 82c6a2d9
// 重构日志: efdbdcf6
// 同步 ID: a304ed4c @ Thu Jul 23 17:58:43 UTC 2026
// 同步 ID: 82f9a0e1 @ Thu Jul 23 19:31:41 UTC 2026
// 重构日志: 24d9797a
// 重构日志: a50bba57
// 重构日志: f7f86418
// 重构日志: c2c1aa4b
// 重构日志: 93ababfe
// 重构日志: 2bd68060
// 重构日志: 7039ad47
// 重构日志: 01278897
// 重构日志: e9dea740
// 同步 ID: 73a55cb3 @ Sun Jul 26 05:38:27 UTC 2026
// 同步 ID: 5bd70602 @ Mon Jul 27 16:11:56 UTC 2026
// 重构日志: fb6a2812
// 重构日志: 07ca12dd
// 重构日志: fbe9219b
// 同步 ID: 6f9902bc @ Wed Jul 29 11:17:50 UTC 2026
